DEBUG 2026-06-27 23:33:51,226 django.db.backends (0.000) 
            SELECT name, type FROM sqlite_master
            WHERE type in ('table', 'view') AND NOT name='sqlite_sequence'
            ORDER BY name; args=None; alias=default
DEBUG 2026-06-27 23:33:51,229 django.db.backends (0.000) SELECT "django_migrations"."id", "django_migrations"."app", "django_migrations"."name", "django_migrations"."applied" FROM "django_migrations"; args=(); alias=default
DEBUG 2026-06-27 23:35:47,773 django.db.backends (0.000) 
            SELECT name, type FROM sqlite_master
            WHERE type in ('table', 'view') AND NOT name='sqlite_sequence'
            ORDER BY name; args=None; alias=default
DEBUG 2026-06-27 23:35:47,774 django.db.backends (0.000) SELECT "django_migrations"."id", "django_migrations"."app", "django_migrations"."name", "django_migrations"."applied" FROM "django_migrations"; args=(); alias=default
DEBUG 2026-06-27 23:35:54,531 django.db.backends (0.000) SELECT "django_session"."session_key", "django_session"."session_data", "django_session"."expire_date" FROM "django_session" WHERE ("django_session"."expire_date" > '2026-06-27 21:35:54.529923' AND "django_session"."session_key" = 'j20hujjg0qcol1udmcct8b6eicfaobs4') LIMIT 21; args=('2026-06-27 21:35:54.529923', 'j20hujjg0qcol1udmcct8b6eicfaobs4'); alias=default
DEBUG 2026-06-27 23:35:54,531 django.db.backends (0.000) SELECT "auth_user"."id", "auth_user"."password", "auth_user"."last_login", "auth_user"."is_superuser", "auth_user"."username", "auth_user"."first_name", "auth_user"."last_name", "auth_user"."email", "auth_user"."is_staff", "auth_user"."is_active", "auth_user"."date_joined" FROM "auth_user" WHERE "auth_user"."id" = 1 LIMIT 21; args=(1,); alias=default
DEBUG 2026-06-27 23:35:54,533 django.db.backends (0.000) SELECT "task_manager_task"."id", "task_manager_task"."title", "task_manager_task"."description", "task_manager_task"."status", "task_manager_task"."deadline", "task_manager_task"."created_at" FROM "task_manager_task" ORDER BY "task_manager_task"."id" DESC LIMIT 7; args=(); alias=default
DEBUG 2026-06-27 23:36:13,461 django.db.backends (0.000) SELECT "django_session"."session_key", "django_session"."session_data", "django_session"."expire_date" FROM "django_session" WHERE ("django_session"."expire_date" > '2026-06-27 21:36:13.460111' AND "django_session"."session_key" = 'j20hujjg0qcol1udmcct8b6eicfaobs4') LIMIT 21; args=('2026-06-27 21:36:13.460111', 'j20hujjg0qcol1udmcct8b6eicfaobs4'); alias=default
DEBUG 2026-06-27 23:36:13,461 django.db.backends (0.000) SELECT "auth_user"."id", "auth_user"."password", "auth_user"."last_login", "auth_user"."is_superuser", "auth_user"."username", "auth_user"."first_name", "auth_user"."last_name", "auth_user"."email", "auth_user"."is_staff", "auth_user"."is_active", "auth_user"."date_joined" FROM "auth_user" WHERE "auth_user"."id" = 1 LIMIT 21; args=(1,); alias=default
DEBUG 2026-06-27 23:36:13,462 django.db.backends (0.000) SELECT "task_manager_task"."id", "task_manager_task"."title", "task_manager_task"."description", "task_manager_task"."status", "task_manager_task"."deadline", "task_manager_task"."created_at" FROM "task_manager_task" ORDER BY "task_manager_task"."id" DESC LIMIT 7; args=(); alias=default
DEBUG 2026-06-27 23:36:40,320 django.db.backends (0.000) SELECT "django_session"."session_key", "django_session"."session_data", "django_session"."expire_date" FROM "django_session" WHERE ("django_session"."expire_date" > '2026-06-27 21:36:40.319235' AND "django_session"."session_key" = 'j20hujjg0qcol1udmcct8b6eicfaobs4') LIMIT 21; args=('2026-06-27 21:36:40.319235', 'j20hujjg0qcol1udmcct8b6eicfaobs4'); alias=default
DEBUG 2026-06-27 23:36:40,320 django.db.backends (0.000) SELECT "auth_user"."id", "auth_user"."password", "auth_user"."last_login", "auth_user"."is_superuser", "auth_user"."username", "auth_user"."first_name", "auth_user"."last_name", "auth_user"."email", "auth_user"."is_staff", "auth_user"."is_active", "auth_user"."date_joined" FROM "auth_user" WHERE "auth_user"."id" = 1 LIMIT 21; args=(1,); alias=default
DEBUG 2026-06-27 23:36:40,321 django.db.backends (0.000) SELECT "task_manager_task"."id", "task_manager_task"."title", "task_manager_task"."description", "task_manager_task"."status", "task_manager_task"."deadline", "task_manager_task"."created_at" FROM "task_manager_task" WHERE "task_manager_task"."id" = 1 LIMIT 21; args=(1,); alias=default
DEBUG 2026-06-27 23:36:40,322 django.db.backends (0.000) SELECT "task_manager_subtask"."id", "task_manager_subtask"."title", "task_manager_subtask"."description", "task_manager_subtask"."task_id", "task_manager_subtask"."status", "task_manager_subtask"."deadline", "task_manager_subtask"."created_at" FROM "task_manager_subtask" WHERE "task_manager_subtask"."task_id" = 1 ORDER BY "task_manager_subtask"."created_at" DESC; args=(1,); alias=default
DEBUG 2026-06-27 23:37:29,784 django.db.backends (0.000) SELECT "django_session"."session_key", "django_session"."session_data", "django_session"."expire_date" FROM "django_session" WHERE ("django_session"."expire_date" > '2026-06-27 21:37:29.783786' AND "django_session"."session_key" = 'j20hujjg0qcol1udmcct8b6eicfaobs4') LIMIT 21; args=('2026-06-27 21:37:29.783786', 'j20hujjg0qcol1udmcct8b6eicfaobs4'); alias=default
DEBUG 2026-06-27 23:37:29,785 django.db.backends (0.000) SELECT "auth_user"."id", "auth_user"."password", "auth_user"."last_login", "auth_user"."is_superuser", "auth_user"."username", "auth_user"."first_name", "auth_user"."last_name", "auth_user"."email", "auth_user"."is_staff", "auth_user"."is_active", "auth_user"."date_joined" FROM "auth_user" WHERE "auth_user"."id" = 1 LIMIT 21; args=(1,); alias=default
DEBUG 2026-06-27 23:37:29,786 django.db.backends (0.000) SELECT "task_manager_subtask"."id", "task_manager_subtask"."title", "task_manager_subtask"."description", "task_manager_subtask"."task_id", "task_manager_subtask"."status", "task_manager_subtask"."deadline", "task_manager_subtask"."created_at" FROM "task_manager_subtask" ORDER BY "task_manager_subtask"."id" DESC LIMIT 7; args=(); alias=default
DEBUG 2026-06-27 23:37:29,800 django.db.backends (0.012) SELECT "task_manager_task"."id", "task_manager_task"."title", "task_manager_task"."description", "task_manager_task"."status", "task_manager_task"."deadline", "task_manager_task"."created_at" FROM "task_manager_task" ORDER BY "task_manager_task"."created_at" DESC LIMIT 1000; args=(); alias=default
DEBUG 2026-06-27 23:37:35,545 django.db.backends (0.000) SELECT "django_session"."session_key", "django_session"."session_data", "django_session"."expire_date" FROM "django_session" WHERE ("django_session"."expire_date" > '2026-06-27 21:37:35.544285' AND "django_session"."session_key" = 'j20hujjg0qcol1udmcct8b6eicfaobs4') LIMIT 21; args=('2026-06-27 21:37:35.544285', 'j20hujjg0qcol1udmcct8b6eicfaobs4'); alias=default
DEBUG 2026-06-27 23:37:35,546 django.db.backends (0.000) SELECT "auth_user"."id", "auth_user"."password", "auth_user"."last_login", "auth_user"."is_superuser", "auth_user"."username", "auth_user"."first_name", "auth_user"."last_name", "auth_user"."email", "auth_user"."is_staff", "auth_user"."is_active", "auth_user"."date_joined" FROM "auth_user" WHERE "auth_user"."id" = 1 LIMIT 21; args=(1,); alias=default
DEBUG 2026-06-27 23:37:35,546 django.db.backends (0.000) SELECT "task_manager_subtask"."id", "task_manager_subtask"."title", "task_manager_subtask"."description", "task_manager_subtask"."task_id", "task_manager_subtask"."status", "task_manager_subtask"."deadline", "task_manager_subtask"."created_at" FROM "task_manager_subtask" WHERE "task_manager_subtask"."id" < 5 ORDER BY "task_manager_subtask"."id" DESC LIMIT 7; args=(5,); alias=default
DEBUG 2026-06-27 23:37:35,548 django.db.backends (0.000) SELECT "task_manager_task"."id", "task_manager_task"."title", "task_manager_task"."description", "task_manager_task"."status", "task_manager_task"."deadline", "task_manager_task"."created_at" FROM "task_manager_task" ORDER BY "task_manager_task"."created_at" DESC LIMIT 1000; args=(); alias=default
