WARNING 2026-06-27 23:33:53,133 django.server "GET / HTTP/1.1" 404 3269
WARNING 2026-06-27 23:33:53,194 django.server "GET /favicon.ico HTTP/1.1" 404 3320
WARNING 2026-06-27 23:35:48,655 django.server "GET / HTTP/1.1" 404 3269
INFO 2026-06-27 23:35:54,599 django.server "GET //api/tasks/ HTTP/1.1" 200 13296
INFO 2026-06-27 23:35:54,698 django.server "GET /static/rest_framework/css/bootstrap-tweaks.css HTTP/1.1" 200 3426
INFO 2026-06-27 23:35:54,699 django.server "GET /static/rest_framework/js/csrf.js HTTP/1.1" 200 1793
INFO 2026-06-27 23:35:54,701 django.server "GET /static/rest_framework/css/bootstrap.min.css HTTP/1.1" 200 121457
INFO 2026-06-27 23:35:54,702 django.server "GET /static/rest_framework/js/bootstrap.min.js HTTP/1.1" 200 39680
INFO 2026-06-27 23:35:54,703 django.server "GET /static/rest_framework/css/default.css HTTP/1.1" 200 1152
INFO 2026-06-27 23:35:54,704 django.server "GET /static/rest_framework/css/prettify.css HTTP/1.1" 200 817
INFO 2026-06-27 23:35:54,704 django.server "GET /static/rest_framework/js/prettify-min.js HTTP/1.1" 200 13632
INFO 2026-06-27 23:35:54,705 django.server "GET /static/rest_framework/js/default.js HTTP/1.1" 200 1268
INFO 2026-06-27 23:35:54,705 django.server "GET /static/rest_framework/js/ajax-form.js HTTP/1.1" 200 3796
INFO 2026-06-27 23:35:54,706 django.server "GET /static/rest_framework/js/load-ajax-form.js HTTP/1.1" 200 59
INFO 2026-06-27 23:35:54,706 django.server "GET /static/rest_framework/js/jquery-3.7.1.min.js HTTP/1.1" 200 87533
INFO 2026-06-27 23:35:54,708 django.server "GET /static/rest_framework/img/grid.png HTTP/1.1" 200 1458
INFO 2026-06-27 23:35:54,724 django.server "GET /static/rest_framework/fonts/glyphicons-halflings-regular.woff2 HTTP/1.1" 200 18028
INFO 2026-06-27 23:36:13,466 django.server "GET //api/tasks/ HTTP/1.1" 200 13296
INFO 2026-06-27 23:36:40,317 django.server "GET /api/tasks/1 HTTP/1.1" 301 0
INFO 2026-06-27 23:36:40,326 django.server "GET /api/tasks/1/ HTTP/1.1" 200 15002
INFO 2026-06-27 23:37:29,804 django.server "GET /api/subtasks/ HTTP/1.1" 200 15603
INFO 2026-06-27 23:37:35,552 django.server "GET /api/subtasks/?cursor=cD01 HTTP/1.1" 200 14285
